[2026-09-25 10:13:34] [INFO] === Maintenance Session Started ===
[2026-09-25 10:13:34] [INFO] Checking GitHub for main script updates...
[2026-09-25 10:13:35] [ERROR] Could not check GitHub for main script updates: Exception calling "DownloadString" with "1" argument(s): "The remote server returned an error: (404) Not Found."
[2026-09-25 10:13:35] [INFO] Checking GitHub for new custom tools...
[2026-09-25 10:13:36] [ERROR] Could not check GitHub custom tools folder: Exception calling "DownloadString" with "1" argument(s): "The remote server returned an error: (404) Not Found."
[2026-09-25 10:14:15] [INFO] Checking GitHub for main script updates...
[2026-09-25 10:14:15] [ERROR] Could not check GitHub for main script updates: Exception calling "DownloadString" with "1" argument(s): "The remote server returned an error: (404) Not Found."
[2026-09-25 10:14:15] [INFO] Checking GitHub for new custom tools...
[2026-09-25 10:14:15] [ERROR] Could not check GitHub custom tools folder: Exception calling "DownloadString" with "1" argument(s): "The remote server returned an error: (404) Not Found."
[2026-09-25 10:35:41] [INFO] === Maintenance Session Started ===
[2026-09-25 10:35:41] [INFO] Checking GitHub for main script updates...
[2026-09-25 10:35:42] [ERROR] Could not check GitHub for main script updates: Exception calling "DownloadString" with "1" argument(s): "The remote server returned an error: (404) Not Found."
[2026-09-25 10:35:42] [INFO] Checking GitHub for new custom tools...
[2026-09-25 10:35:43] [ERROR] Could not check GitHub custom tools folder: Exception calling "DownloadString" with "1" argument(s): "The remote server returned an error: (404) Not Found."
[2026-09-25 10:35:49] [INFO] Checking GitHub for main script updates...
[2026-09-25 10:35:49] [ERROR] Could not check GitHub for main script updates: Exception calling "DownloadString" with "1" argument(s): "The remote server returned an error: (404) Not Found."
[2026-09-25 10:35:49] [INFO] Checking GitHub for new custom tools...
[2026-09-25 10:35:50] [ERROR] Could not check GitHub custom tools folder: Exception calling "DownloadString" with "1" argument(s): "The remote server returned an error: (404) Not Found."
[2026-09-25 10:47:17] [INFO] Checking GitHub for main script updates...
[2026-09-25 10:47:17] [SUCCESS] Main script is up to date. Version: 1.0.0
[2026-09-25 10:47:17] [INFO] Checking GitHub for new custom tools...
[2026-09-25 10:47:18] [SUCCESS] Custom tools check complete.
[2026-09-25 10:58:43] [INFO] === Maintenance Session Started ===
[2026-09-25 10:58:43] [INFO] Checking GitHub for main script updates...
[2026-09-25 10:58:44] [SUCCESS] Main script is up to date. Version: 1.0.0
[2026-09-25 10:58:44] [INFO] Checking GitHub for new custom tools...
[2026-09-25 10:58:45] [SUCCESS] Custom tools check complete.
[2026-09-25 10:59:03] [INFO] Running custom tool: C:\Users\ARCHEIDIES\Downloads\Windows_Maintenance_Toolkit\MaintenanceSuite\Tools\Upload-LocalChanges-ToGitHub.ps1
[2026-09-25 10:59:03] [INFO] --------------------------------------------------
[2026-09-25 10:59:03] [INFO] Starting Task: Custom Tool: C:\Users\ARCHEIDIES\Downloads\Windows_Maintenance_Toolkit\MaintenanceSuite\Tools\Upload-LocalChanges-ToGitHub.ps1
[2026-09-25 10:59:39] [INFO]    M Logs/MaintenanceLog_2026-09-25.log
[2026-09-25 10:59:39] [INFO]   ?? Create_Upload_Tool.cmd
[2026-09-25 10:59:39] [INFO]   ?? "New Text Document.txt"
[2026-09-25 10:59:39] [INFO]   ?? Tools/Upload-LocalChanges-ToGitHub.ps1
[2026-09-25 10:59:39] [ERROR]   [ERROR OUTPUT] From https://github.com/T3ND41/windows-maintenance-toolkit
[2026-09-25 10:59:39] [ERROR]   [ERROR OUTPUT]  * branch            main       -> FETCH_HEAD
[2026-09-25 10:59:39] [INFO]   Already up to date.
[2026-09-25 10:59:39] [INFO]   [main 83fdde2] Update Windows Maintenance Toolkit
[2026-09-25 10:59:39] [INFO]    4 files changed, 372 insertions(+)
[2026-09-25 10:59:39] [INFO]    create mode 100644 Create_Upload_Tool.cmd
[2026-09-25 10:59:39] [INFO]    create mode 100644 New Text Document.txt
[2026-09-25 10:59:39] [INFO]    create mode 100644 Tools/Upload-LocalChanges-ToGitHub.ps1
[2026-09-25 10:59:39] [ERROR]   [ERROR OUTPUT] To https://github.com/T3ND41/windows-maintenance-toolkit.git
[2026-09-25 10:59:39] [ERROR]   [ERROR OUTPUT]    7312ed3..83fdde2  main -> main
[2026-09-25 10:59:39] [INFO]   branch 'main' set up to track 'origin/main'.
[2026-09-25 10:59:39] [SUCCESS] Task 'Custom Tool: C:\Users\ARCHEIDIES\Downloads\Windows_Maintenance_Toolkit\MaintenanceSuite\Tools\Upload-LocalChanges-ToGitHub.ps1' completed.
[2026-09-25 10:59:39] [INFO] --------------------------------------------------
[2026-09-25 11:19:32] [INFO] === Maintenance Session Started ===
[2026-09-25 11:19:32] [INFO] Checking GitHub for main script updates...
[2026-09-25 11:19:32] [SUCCESS] Main script is up to date. Version: 1.0.0
[2026-09-25 11:19:32] [INFO] Checking GitHub for new custom tools...
[2026-09-25 11:19:34] [SUCCESS] Custom tools check complete.
[2026-09-25 11:19:48] [INFO] Running custom tool: C:\Users\ARCHEIDIES\Downloads\Windows_Maintenance_Toolkit\MaintenanceSuite\Tools\Install-IRM-Tool-Creator.ps1
[2026-09-25 11:19:48] [INFO] --------------------------------------------------
[2026-09-25 11:19:48] [INFO] Starting Task: Custom Tool: C:\Users\ARCHEIDIES\Downloads\Windows_Maintenance_Toolkit\MaintenanceSuite\Tools\Install-IRM-Tool-Creator.ps1
[2026-09-25 11:19:49] [ERROR] Critical error while running 'Custom Tool: C:\Users\ARCHEIDIES\Downloads\Windows_Maintenance_Toolkit\MaintenanceSuite\Tools\Install-IRM-Tool-Creator.ps1': The -ireplace operator allows only two elements to follow it, not 4.
[2026-09-25 11:19:49] [INFO] --------------------------------------------------
[2026-09-25 11:27:30] [INFO] === Maintenance Session Started ===
[2026-09-25 11:27:30] [INFO] Checking GitHub for main script updates...
[2026-09-25 11:27:30] [SUCCESS] Main script is up to date. Version: 1.0.0
[2026-09-25 11:27:30] [INFO] Checking GitHub for new custom tools...
[2026-09-25 11:27:31] [SUCCESS] Custom tools check complete.
[2026-09-25 11:32:31] [INFO] === Maintenance Session Started ===
[2026-09-25 11:32:31] [INFO] Checking GitHub for main script updates...
[2026-09-25 11:32:31] [SUCCESS] Main script is up to date. Version: 1.0.0
[2026-09-25 11:32:31] [INFO] Checking GitHub for new custom tools...
[2026-09-25 11:32:33] [SUCCESS] Custom tools check complete.
[2026-09-25 11:32:46] [INFO] Running custom tool: C:\Users\ARCHEIDIES\Downloads\Windows_Maintenance_Toolkit\MaintenanceSuite\Tools\IRM-Tool-Saver.ps1
[2026-09-25 11:32:46] [INFO] --------------------------------------------------
[2026-09-25 11:32:46] [INFO] Starting Task: Custom Tool: C:\Users\ARCHEIDIES\Downloads\Windows_Maintenance_Toolkit\MaintenanceSuite\Tools\IRM-Tool-Saver.ps1
[2026-09-25 11:35:07] [SUCCESS] Task 'Custom Tool: C:\Users\ARCHEIDIES\Downloads\Windows_Maintenance_Toolkit\MaintenanceSuite\Tools\IRM-Tool-Saver.ps1' completed.
[2026-09-25 11:35:07] [INFO] --------------------------------------------------
[2026-09-25 11:35:42] [INFO] Running custom tool: C:\Users\ARCHEIDIES\Downloads\Windows_Maintenance_Toolkit\MaintenanceSuite\Tools\IRM-Tool-Saver.ps1
[2026-09-25 11:35:42] [INFO] --------------------------------------------------
[2026-09-25 11:35:42] [INFO] Starting Task: Custom Tool: C:\Users\ARCHEIDIES\Downloads\Windows_Maintenance_Toolkit\MaintenanceSuite\Tools\IRM-Tool-Saver.ps1
[2026-09-25 11:35:57] [SUCCESS] Task 'Custom Tool: C:\Users\ARCHEIDIES\Downloads\Windows_Maintenance_Toolkit\MaintenanceSuite\Tools\IRM-Tool-Saver.ps1' completed.
[2026-09-25 11:35:57] [INFO] --------------------------------------------------
[2026-09-25 11:38:22] [INFO] === Maintenance Session Started ===
[2026-09-25 11:38:22] [INFO] Checking GitHub for main script updates...
[2026-09-25 11:38:23] [SUCCESS] Main script is up to date. Version: 1.0.0
[2026-09-25 11:38:23] [INFO] Checking GitHub for new custom tools...
[2026-09-25 11:38:24] [SUCCESS] Custom tools check complete.
[2026-09-25 11:39:59] [INFO] === Maintenance Session Started ===
[2026-09-25 11:39:59] [INFO] Checking GitHub for main script updates...
[2026-09-25 11:39:59] [SUCCESS] Main script is up to date. Version: 1.0.0
[2026-09-25 11:39:59] [INFO] Checking GitHub for new custom tools...
[2026-09-25 11:40:00] [SUCCESS] Custom tools check complete.
[2026-09-25 11:40:07] [INFO] Running custom tool: C:\Users\ARCHEIDIES\Downloads\Windows_Maintenance_Toolkit\MaintenanceSuite\Tools\IRM-Tool-Saver.ps1
[2026-09-25 11:40:07] [INFO] --------------------------------------------------
[2026-09-25 11:40:07] [INFO] Starting Task: Custom Tool: C:\Users\ARCHEIDIES\Downloads\Windows_Maintenance_Toolkit\MaintenanceSuite\Tools\IRM-Tool-Saver.ps1
[2026-09-25 11:40:47] [SUCCESS] Task 'Custom Tool: C:\Users\ARCHEIDIES\Downloads\Windows_Maintenance_Toolkit\MaintenanceSuite\Tools\IRM-Tool-Saver.ps1' completed.
[2026-09-25 11:40:47] [INFO] --------------------------------------------------
[2026-09-25 11:47:13] [INFO] === Maintenance Session Started ===
[2026-09-25 11:47:13] [INFO] Checking GitHub for main script updates...
[2026-09-25 11:47:14] [SUCCESS] Main script is up to date. Version: 1.0.0
[2026-09-25 11:47:14] [INFO] Checking GitHub for new custom tools...
[2026-09-25 11:47:15] [SUCCESS] Custom tools check complete.
[2026-09-25 11:47:55] [INFO] Running custom tool: C:\Users\ARCHEIDIES\Downloads\Windows_Maintenance_Toolkit\MaintenanceSuite\Tools\Upgrade-Separate-IRM-Tools.ps1
[2026-09-25 11:47:55] [INFO] --------------------------------------------------
[2026-09-25 11:47:55] [INFO] Starting Task: Custom Tool: C:\Users\ARCHEIDIES\Downloads\Windows_Maintenance_Toolkit\MaintenanceSuite\Tools\Upgrade-Separate-IRM-Tools.ps1
[2026-09-25 11:47:59] [SUCCESS] Task 'Custom Tool: C:\Users\ARCHEIDIES\Downloads\Windows_Maintenance_Toolkit\MaintenanceSuite\Tools\Upgrade-Separate-IRM-Tools.ps1' completed.
[2026-09-25 11:47:59] [INFO] --------------------------------------------------
[2026-09-25 11:48:05] [INFO] Running custom tool: C:\Users\ARCHEIDIES\Downloads\Windows_Maintenance_Toolkit\MaintenanceSuite\Tools\IRM-Tool-Saver.ps1
[2026-09-25 11:48:05] [INFO] --------------------------------------------------
[2026-09-25 11:48:05] [INFO] Starting Task: Custom Tool: C:\Users\ARCHEIDIES\Downloads\Windows_Maintenance_Toolkit\MaintenanceSuite\Tools\IRM-Tool-Saver.ps1
[2026-09-25 11:48:31] [SUCCESS] Task 'Custom Tool: C:\Users\ARCHEIDIES\Downloads\Windows_Maintenance_Toolkit\MaintenanceSuite\Tools\IRM-Tool-Saver.ps1' completed.
[2026-09-25 11:48:31] [INFO] --------------------------------------------------
[2026-09-25 11:48:54] [INFO] --------------------------------------------------
[2026-09-25 11:48:54] [INFO] Starting Task: Installed IRM Tool: CT-WIN-DEBLO
[2026-09-25 11:49:13] [INFO]   Transcript stopped, output file is C:\Users\ARCHEIDIES\AppData\Local\winutil\logs\winutil_2026-09-25_11-49-01.log
[2026-09-25 11:49:13] [SUCCESS] Task 'Installed IRM Tool: CT-WIN-DEBLO' completed.
[2026-09-25 11:49:13] [INFO] --------------------------------------------------
[2026-09-25 11:50:06] [INFO] === Maintenance Session Started ===
[2026-09-25 11:50:06] [INFO] Checking GitHub for main script updates...
[2026-09-25 11:50:06] [SUCCESS] Main script is up to date. Version: 1.0.0
[2026-09-25 11:50:06] [INFO] Checking GitHub for new custom tools...
[2026-09-25 11:50:08] [SUCCESS] Custom tools check complete.
[2026-09-25 11:50:43] [INFO] Running custom tool: C:\Users\ARCHEIDIES\Downloads\Windows_Maintenance_Toolkit\MaintenanceSuite\Tools\IRM-Tool-Saver.ps1
[2026-09-25 11:50:43] [INFO] --------------------------------------------------
[2026-09-25 11:50:43] [INFO] Starting Task: Custom Tool: C:\Users\ARCHEIDIES\Downloads\Windows_Maintenance_Toolkit\MaintenanceSuite\Tools\IRM-Tool-Saver.ps1
[2026-09-25 11:51:28] [SUCCESS] Task 'Custom Tool: C:\Users\ARCHEIDIES\Downloads\Windows_Maintenance_Toolkit\MaintenanceSuite\Tools\IRM-Tool-Saver.ps1' completed.
[2026-09-25 11:51:28] [INFO] --------------------------------------------------
[2026-09-25 11:51:54] [INFO] --------------------------------------------------
[2026-09-25 11:51:54] [INFO] Starting Task: Installed IRM Tool: MG-WIN-ACTIVATER & OFFICE TOOL
[2026-09-25 11:52:21] [SUCCESS] Task 'Installed IRM Tool: MG-WIN-ACTIVATER & OFFICE TOOL' completed.
[2026-09-25 11:52:21] [INFO] --------------------------------------------------
[2026-09-25 11:54:52] [INFO] Running custom tool: C:\Users\ARCHEIDIES\Downloads\Windows_Maintenance_Toolkit\MaintenanceSuite\Tools\Upload-LocalChanges-ToGitHub.ps1
[2026-09-25 11:54:52] [INFO] --------------------------------------------------
[2026-09-25 11:54:52] [INFO] Starting Task: Custom Tool: C:\Users\ARCHEIDIES\Downloads\Windows_Maintenance_Toolkit\MaintenanceSuite\Tools\Upload-LocalChanges-ToGitHub.ps1
